// Jest Snapshot v1, https://goo.gl/fbAQLP

exports[`Chat component should render the Chat component correctly with the right classes and styles 1`] = `
<section
  className="jsx-2439614921 input-section"
>
  <input
    className="jsx-2439614921"
    onChange={[Function]}
    onKeyDown={[Function]}
    placeholder="Chat with SpruceBot here..."
    value=""
  />
  <button
    className="jsx-2439614921"
    onClick={[Function]}
  />
</section>
`;
