// Jest Snapshot v1, https://goo.gl/fbAQLP

exports[`Index page should render the Index page correctly with the right classes and styles 1`] = `
<section
  className="jsx-2146746531 layout"
>
  <video
    autoPlay={true}
    className="jsx-2146746531"
    loop={true}
    src="../static/ambient-background.mp4"
  />
  <section
    className="jsx-2146746531 container"
  >
    <section
      className="jsx-3139470545 header"
    >
      <h1
        className="jsx-3139470545"
      >
        SpruceBot
      </h1>
      <section
        className="jsx-3144229325 play-controls"
      >
        <audio
          autoPlay={true}
          className="jsx-3144229325"
          loop={true}
          src="../static/music/track1.mp3"
        />
        <img
          className="jsx-3144229325"
          onClick={[Function]}
          src="../static/play-controls/rewind.svg"
        />
        <img
          className="jsx-3144229325"
          onClick={[Function]}
          src="../static/play-controls/pause-button.svg"
        />
        <img
          className="jsx-3144229325"
          onClick={[Function]}
          src="../static/play-controls/fast-forward.svg"
        />
      </section>
    </section>
    <section
      className="jsx-3139470545 conversation"
    />
    <section
      className="jsx-2439614921 input-section"
    >
      <input
        className="jsx-2439614921"
        onChange={[Function]}
        onKeyDown={[Function]}
        placeholder="Chat with SpruceBot here..."
        value=""
      />
      <button
        className="jsx-2439614921"
        onClick={[Function]}
      />
    </section>
  </section>
</section>
`;
